Microchip Technology Inc, v1.31 (A)

Tool Name:
  c:\program files (x86)\microchip\xc16\v1.31\bin\bin\..\bin/elf-ld.exe

Command:
  -p24FJ128GA204 \
  -o \
  dist/default/debug/QPC_portace.X.debug.elf \
  -Lc:/program files (x86)/microchip/xc16/v1.31/bin/bin/.. \
  -Lc:/program files (x86)/microchip/xc16/v1.31/bin/bin/../../lib \
  -Lc:/program files (x86)/microchip/xc16/v1.31/bin/bin/../../support/PIC24E/gld \
  -Lc:/program files (x86)/microchip/xc16/v1.31/bin/bin/../../support/PIC24F/gld \
  -Lc:/program files (x86)/microchip/xc16/v1.31/bin/bin/../../support/PIC24H/gld \
  -Lc:/program files (x86)/microchip/xc16/v1.31/bin/bin/../../support/dsPIC30F/gld \
  -Lc:/program files (x86)/microchip/xc16/v1.31/bin/bin/../../support/dsPIC33E/gld \
  -Lc:/program files (x86)/microchip/xc16/v1.31/bin/bin/../../support/dsPIC33F/gld \
  build/default/debug/_ext/1360934925/Blinky.o \
  build/default/debug/_ext/1360920944/bsp.o \
  build/default/debug/_ext/633907107/qep.o \
  build/default/debug/_ext/633907107/qfsm_dis.o \
  build/default/debug/_ext/633907107/qfsm_ini.o \
  build/default/debug/_ext/633907107/qhsm_dis.o \
  build/default/debug/_ext/633907107/qhsm_in.o \
  build/default/debug/_ext/633907107/qhsm_ini.o \
  build/default/debug/_ext/633907107/qhsm_top.o \
  build/default/debug/_ext/1396818886/qa_defer.o \
  build/default/debug/_ext/1396818886/qa_fifo.o \
  build/default/debug/_ext/1396818886/qa_get_.o \
  build/default/debug/_ext/1396818886/qa_lifo.o \
  build/default/debug/_ext/1396818886/qa_sub.o \
  build/default/debug/_ext/1396818886/qa_usub.o \
  build/default/debug/_ext/1396818886/qa_usuba.o \
  build/default/debug/_ext/1396818886/qeq_fifo.o \
  build/default/debug/_ext/1396818886/qeq_get.o \
  build/default/debug/_ext/1396818886/qeq_init.o \
  build/default/debug/_ext/1396818886/qeq_lifo.o \
  build/default/debug/_ext/1396818886/qf_act.o \
  build/default/debug/_ext/1396818886/qf_gc.o \
  build/default/debug/_ext/1396818886/qf_log2.o \
  build/default/debug/_ext/1396818886/qf_new.o \
  build/default/debug/_ext/1396818886/qf_pool.o \
  build/default/debug/_ext/1396818886/qf_psini.o \
  build/default/debug/_ext/1396818886/qf_pspub.o \
  build/default/debug/_ext/1396818886/qf_pwr2.o \
  build/default/debug/_ext/1396818886/qf_tick.o \
  build/default/debug/_ext/1396818886/qmp_get.o \
  build/default/debug/_ext/1396818886/qmp_init.o \
  build/default/debug/_ext/1396818886/qmp_put.o \
  build/default/debug/_ext/1396818886/qte_arm.o \
  build/default/debug/_ext/1396818886/qte_ctor.o \
  build/default/debug/_ext/1396818886/qte_ctr.o \
  build/default/debug/_ext/1396818886/qte_darm.o \
  build/default/debug/_ext/1396818886/qte_rarm.o \
  build/default/debug/_ext/1396818886/qvanilla.o \
  build/default/debug/mcc_generated_files/traps.o \
  build/default/debug/mcc_generated_files/interrupt_manager.o \
  build/default/debug/mcc_generated_files/mcc.o \
  build/default/debug/mcc_generated_files/pin_manager.o \
  build/default/debug/main.o \
  -TC:\\Users\\PC1\\AppData\\Local\\Temp\\tmp000024a0.00 \
  -TC:\\Users\\PC1\\AppData\\Local\\Temp\\tmp000024a0.01 \
  -TC:\\Users\\PC1\\AppData\\Local\\Temp\\tmp000024a0.02 \
  -TC:\\Users\\PC1\\AppData\\Local\\Temp\\tmp000024a0.03 \
  -TC:\\Users\\PC1\\AppData\\Local\\Temp\\tmp000024a0.04 \
  -TC:\\Users\\PC1\\AppData\\Local\\Temp\\tmp000024a0.05 \
  -TC:\\Users\\PC1\\AppData\\Local\\Temp\\tmp000024a0.06 \
  --local-stack \
  --defsym=__MPLAB_BUILD=1 \
  --defsym=__MPLAB_DEBUG=1 \
  --defsym=__DEBUG=1 \
  --defsym=__MPLAB_DEBUGGER_PK3=1 \
  -Tp24FJ128GA204.gld.07 \
  --stack=16 \
  --check-sections \
  --data-init \
  --pack-data \
  --handles \
  --isr \
  --no-gc-sections \
  --fill-upper=0 \
  --stackguard=16 \
  --no-force-link \
  --smart-io \
  -Map=dist/default/debug/QPC_portace.X.debug.map \
  --report-mem \
  --memorysummary \
  dist/default/debug/memoryfile.xml \
  -start-group \
  --library=lega-pic30-elf \
  --library=m-elf \
  --library=lega-c-elf \
  -end-group \


Optional library libpPIC24Fxxx.a not found
Archive member included because of file (symbol)

c:/program files (x86)/microchip/xc16/v1.31/bin/bin/../../lib\liblega-pic30-elf.a(crt0_extended24.o)
                              (__resetPRI)
c:/program files (x86)/microchip/xc16/v1.31/bin/bin/../../lib\liblega-pic30-elf.a(data_init_24.o)
                              c:/program files (x86)/microchip/xc16/v1.31/bin/bin/../../lib\liblega-pic30-elf.a(crt0_extended24.o) (__data_init_da)
c:/program files (x86)/microchip/xc16/v1.31/bin/bin/../../lib\liblega-pic30-elf.a(crt_start_mode_normalda.Leo)
                              (__crt_start_mode_normal)


xc16-ld 1.31 (A)

Program Memory  [Origin = 0x200, Length = 0x155f8]

section                    address   length (PC units)   length (bytes) (dec)
-------                    -------   -----------------   --------------------
.text                        0x200               0x18e           0x255  (597)
[...]
Memory Configuration

Name             Origin             Length             Attributes
data             0x000800           0x002000           a !xr
reset            0x000000           0x000004  
ivt              0x000004           0x0000fc  
_reserved        0x000100           0x000004  
aivt             0x000104           0x0000fc  
program          0x000200           0x0155f8           xr
CONFIG4          0x0157f8           0x000002  
CONFIG3          0x0157fa           0x000002  
CONFIG2          0x0157fc           0x000002  
CONFIG1          0x0157fe           0x000002  
*default*        0x000000           0xffffffff  

Linker script and memory map

LOAD build/default/debug/_ext/1360934925/Blinky.o
LOAD build/default/debug/_ext/1360920944/bsp.o
LOAD build/default/debug/_ext/633907107/qep.o
LOAD build/default/debug/_ext/633907107/qfsm_dis.o
LOAD build/default/debug/_ext/633907107/qfsm_ini.o
LOAD build/default/debug/_ext/633907107/qhsm_dis.o
LOAD build/default/debug/_ext/633907107/qhsm_in.o
LOAD build/default/debug/_ext/633907107/qhsm_ini.o
LOAD build/default/debug/_ext/633907107/qhsm_top.o
LOAD build/default/debug/_ext/1396818886/qa_defer.o
LOAD build/default/debug/_ext/1396818886/qa_fifo.o
LOAD build/default/debug/_ext/1396818886/qa_get_.o
LOAD build/default/debug/_ext/1396818886/qa_lifo.o
LOAD build/default/debug/_ext/1396818886/qa_sub.o
LOAD build/default/debug/_ext/1396818886/qa_usub.o
LOAD build/default/debug/_ext/1396818886/qa_usuba.o
LOAD build/default/debug/_ext/1396818886/qeq_fifo.o
LOAD build/default/debug/_ext/1396818886/qeq_get.o
LOAD build/default/debug/_ext/1396818886/qeq_init.o
LOAD build/default/debug/_ext/1396818886/qeq_lifo.o
LOAD build/default/debug/_ext/1396818886/qf_act.o
LOAD build/default/debug/_ext/1396818886/qf_gc.o
LOAD build/default/debug/_ext/1396818886/qf_log2.o
LOAD build/default/debug/_ext/1396818886/qf_new.o
LOAD build/default/debug/_ext/1396818886/qf_pool.o
LOAD build/default/debug/_ext/1396818886/qf_psini.o
LOAD build/default/debug/_ext/1396818886/qf_pspub.o
LOAD build/default/debug/_ext/1396818886/qf_pwr2.o
LOAD build/default/debug/_ext/1396818886/qf_tick.o
LOAD build/default/debug/_ext/1396818886/qmp_get.o
LOAD build/default/debug/_ext/1396818886/qmp_init.o
LOAD build/default/debug/_ext/1396818886/qmp_put.o
LOAD build/default/debug/_ext/1396818886/qte_arm.o
LOAD build/default/debug/_ext/1396818886/qte_ctor.o
LOAD build/default/debug/_ext/1396818886/qte_ctr.o
LOAD build/default/debug/_ext/1396818886/qte_darm.o
LOAD build/default/debug/_ext/1396818886/qte_rarm.o
LOAD build/default/debug/_ext/1396818886/qvanilla.o
LOAD build/default/debug/mcc_generated_files/traps.o
LOAD build/default/debug/mcc_generated_files/interrupt_manager.o
LOAD build/default/debug/mcc_generated_files/mcc.o
LOAD build/default/debug/mcc_generated_files/pin_manager.o
LOAD build/default/debug/main.o

reserve_data_0x800
                    0x0800         0x1c
                    0x081c                  . = 0x1c
 *fill*             0x0800         0x1c00

reserve_data_0x81c
                    0x081c          0x2
                    0x081e                  . = 0x2
 *fill*             0x081c          0x200

reserve_data_0x81e
                    0x081e          0x2
                    0x0820                  . = 0x2
 *fill*             0x081e          0x200

reserve_data_0x820
                    0x0820          0x2
                    0x0822                  . = 0x2
 *fill*             0x0820          0x200

reserve_data_0x822
                    0x0822          0x2
                    0x0824                  . = 0x2
 *fill*             0x0822          0x200

reserve_data_0x824
                    0x0824          0x4
                    0x0828                  . = 0x4
 *fill*             0x0824          0x400

reserve_data_0x82a
                    0x082a         0x26
                    0x0850                  . = 0x26
 *fill*             0x082a         0x2600
                    0x0001                  __MPLAB_BUILD = 0x1
                    0x0001                  __MPLAB_DEBUG = 0x1
                    0x0001                  __DEBUG = 0x1
                    0x0001                  __MPLAB_DEBUGGER_PK3 = 0x1
LOAD pPIC24Fxxx
LOAD c:/program files (x86)/microchip/xc16/v1.31/bin/bin/../../lib\libfx-elf.a
                    0x157f8                  __CONFIG4 = 0x157f8
                    0x157fa                  __CONFIG3 = 0x157fa
                    0x157fc                  __CONFIG2 = 0x157fc
                    0x157fe                  __CONFIG1 = 0x157fe
                    0x0200                  __CODE_BASE = 0x200
                    0x155f8                  __CODE_LENGTH = 0x155f8
                    0x0004                  __IVT_BASE = 0x4
                    0x0104                  __AIVT_BASE = 0x104
                    0x0800                  __DATA_BASE = 0x800
                    0x2000                  __DATA_LENGTH = 0x2000

.reset            0x000000          0x4
                  0x000000          0x2 SHORT 0x200 ABSOLUTE (__reset)
                  0x000001          0x2 SHORT 0x4
                  0x000002          0x2 SHORT 0x0 ((ABSOLUTE (__reset) >> 0x10) & 0x7f)
                  0x000003          0x2 SHORT 0x0

.text             0x000200        0x18e
 *(.init)
 .init            0x000200         0x4c c:/program files (x86)/microchip/xc16/v1.31/bin/bin/../../lib\liblega-pic30-elf.a(crt0_extended24.o)
                  0x000200                  __resetPRI
                  0x000200                  __reset
                  0x00023c                  __psv_init
 .init            0x00024c         0xb8 c:/program files (x86)/microchip/xc16/v1.31/bin/bin/../../lib\liblega-pic30-elf.a(data_init_24.o)
                  0x000252                  __data_init
                  0x000252                  __data_init_da
 *(.user_init)
 *(.handle)
 .handle          0x000304         0x10 jump_table
 *(.isr*)
 .isr.text._T2Interrupt
                  0x000314         0x48 build/default/debug/_ext/1360920944/bsp.o
                  0x000314                  __T2Interrupt
 .isr.text._OscillatorFail
                  0x00035c          0xa build/default/debug/mcc_generated_files/traps.o
                  0x00035c                  __OscillatorFail
 .isr.text._StackError
                  0x000366          0xe build/default/debug/mcc_generated_files/traps.o
                  0x000366                  __StackError
 .isr.text._AddressError
                  0x000374          0xa build/default/debug/mcc_generated_files/traps.o
                  0x000374                  __AddressError
 .isr.text._MathError
                  0x00037e          0xa build/default/debug/mcc_generated_files/traps.o
                  0x00037e                  __MathError
 .isr             0x000388          0x4 default_isr
                  0x000388                  __DefaultInterrupt
 *(.libc)
 *(.libm)
 *(.libdsp)
 *(.lib*)
 .libpic30_crt_start_mode
                  0x00038c          0x2 c:/program files (x86)/microchip/xc16/v1.31/bin/bin/../../lib\liblega-pic30-elf.a(crt_start_mode_normalda.Leo)
                  0x00038c                  __crt_start_mode
                  0x00038c                  __crt_start_mode_normal

usercode
 *(usercode)

__CONFIG4
 *(__CONFIG4.sec*)

__CONFIG3
 *(__CONFIG3.sec*)

__CONFIG2
 *(__CONFIG2.sec*)

__CONFIG1
 *(__CONFIG1.sec*)

.comment
 *(.comment)

.debug_info       0x000000       0xb19b
 *(.debug_info)
 .debug_info      0x000000        0x730 build/default/debug/_ext/1360934925/Blinky.o
 .debug_info      0x000730        0xccd build/default/debug/_ext/1360920944/bsp.o
 .debug_info      0x0013fd        0x307 build/default/debug/_ext/633907107/qep.o
 .debug_info      0x001704        0x395 build/default/debug/_ext/633907107/qfsm_dis.o
 .debug_info      0x001a99        0x385 build/default/debug/_ext/633907107/qfsm_ini.o
 .debug_info      0x001e1e        0x437 build/default/debug/_ext/633907107/qhsm_dis.o
 .debug_info      0x002255        0x398 build/default/debug/_ext/633907107/qhsm_in.o
 .debug_info      0x0025ed        0x40e build/default/debug/_ext/633907107/qhsm_ini.o
 .debug_info      0x0029fb        0x249 build/default/debug/_ext/633907107/qhsm_top.o
 .debug_info      0x002c44        0x477 build/default/debug/_ext/1396818886/qa_defer.o
 .debug_info      0x0030bb        0x481 build/default/debug/_ext/1396818886/qa_fifo.o
 .debug_info      0x00353c        0x50c build/default/debug/_ext/1396818886/qa_get_.o
 .debug_info      0x003a48        0x481 build/default/debug/_ext/1396818886/qa_lifo.o
 .debug_info      0x003ec9        0x598 build/default/debug/_ext/1396818886/qa_sub.o
 .debug_info      0x004461        0x59b build/default/debug/_ext/1396818886/qa_usub.o
 .debug_info      0x0049fc        0x5c0 build/default/debug/_ext/1396818886/qa_usuba.o
 .debug_info      0x004fbc        0x32e build/default/debug/_ext/1396818886/qeq_fifo.o
 .debug_info      0x0052ea        0x2de build/default/debug/_ext/1396818886/qeq_get.o
 .debug_info      0x0055c8        0x2f3 build/default/debug/_ext/1396818886/qeq_init.o
 .debug_info      0x0058bb        0x32e build/default/debug/_ext/1396818886/qeq_lifo.o
 .debug_info      0x005be9        0x4d6 build/default/debug/_ext/1396818886/qf_act.o
 .debug_info      0x0060bf        0x376 build/default/debug/_ext/1396818886/qf_gc.o
 .debug_info      0x006435        0x1a4 build/default/debug/_ext/1396818886/qf_log2.o
 .debug_info      0x0065d9        0x3b1 build/default/debug/_ext/1396818886/qf_new.o
 .debug_info      0x00698a        0x347 build/default/debug/_ext/1396818886/qf_pool.o
 .debug_info      0x006cd1        0x275 build/default/debug/_ext/1396818886/qf_psini.o
 .debug_info      0x006f46        0x50f build/default/debug/_ext/1396818886/qf_pspub.o
 .debug_info      0x007455        0x1e5 build/default/debug/_ext/1396818886/qf_pwr2.o
 .debug_info      0x00763a        0x4a9 build/default/debug/_ext/1396818886/qf_tick.o
 .debug_info      0x007ae3        0x3a8 build/default/debug/_ext/1396818886/qmp_get.o
 .debug_info      0x007e8b        0x356 build/default/debug/_ext/1396818886/qmp_init.o
 .debug_info      0x0081e1        0x2f9 build/default/debug/_ext/1396818886/qmp_put.o
 .debug_info      0x0084da        0x54b build/default/debug/_ext/1396818886/qte_arm.o
 .debug_info      0x008a25        0x4fe build/default/debug/_ext/1396818886/qte_ctor.o
 .debug_info      0x008f23        0x459 build/default/debug/_ext/1396818886/qte_ctr.o
 .debug_info      0x00937c        0x45d build/default/debug/_ext/1396818886/qte_darm.o
 .debug_info      0x0097d9        0x524 build/default/debug/_ext/1396818886/qte_rarm.o
 .debug_info      0x009cfd        0x593 build/default/debug/_ext/1396818886/qvanilla.o
 .debug_info      0x00a290        0x3b5 build/default/debug/mcc_generated_files/traps.o
 .debug_info      0x00a645        0x10d build/default/debug/mcc_generated_files/interrupt_manager.o
 .debug_info      0x00a752        0x25e build/default/debug/mcc_generated_files/mcc.o
 .debug_info      0x00a9b0        0x336 build/default/debug/mcc_generated_files/pin_manager.o
 .debug_info      0x00ace6        0x4b5 build/default/debug/main.o
 *(.gnu.linkonce.wi.*)

.debug_abbrev     0x000000       0x2362
 *(.debug_abbrev)
 .debug_abbrev    0x000000        0x14f build/default/debug/_ext/1360934925/Blinky.o
 .debug_abbrev    0x00014f        0x133 build/default/debug/_ext/1360920944/bsp.o
 .debug_abbrev    0x000282         0xcc build/default/debug/_ext/633907107/qep.o
 .debug_abbrev    0x00034e         0xe3 build/default/debug/_ext/633907107/qfsm_dis.o
 .debug_abbrev    0x000431         0xe3 build/default/debug/_ext/633907107/qfsm_ini.o
 .debug_abbrev    0x000514         0xfb build/default/debug/_ext/633907107/qhsm_dis.o
 .debug_abbrev    0x00060f         0xe5 build/default/debug/_ext/633907107/qhsm_in.o
 .debug_abbrev    0x0006f4         0xfb build/default/debug/_ext/633907107/qhsm_ini.o
 .debug_abbrev    0x0007ef         0x87 build/default/debug/_ext/633907107/qhsm_top.o
 .debug_abbrev    0x000876         0xd3 build/default/debug/_ext/1396818886/qa_defer.o
 .debug_abbrev    0x000949         0xdc build/default/debug/_ext/1396818886/qa_fifo.o
 .debug_abbrev    0x000a25         0xde build/default/debug/_ext/1396818886/qa_get_.o
 .debug_abbrev    0x000b03         0xdc build/default/debug/_ext/1396818886/qa_lifo.o
 .debug_abbrev    0x000bdf        0x11f build/default/debug/_ext/1396818886/qa_sub.o
 .debug_abbrev    0x000cfe        0x11f build/default/debug/_ext/1396818886/qa_usub.o
 .debug_abbrev    0x000e1d        0x11f build/default/debug/_ext/1396818886/qa_usuba.o
 .debug_abbrev    0x000f3c         0xa1 build/default/debug/_ext/1396818886/qeq_fifo.o
 .debug_abbrev    0x000fdd         0x91 build/default/debug/_ext/1396818886/qeq_get.o
 .debug_abbrev    0x00106e         0x80 build/default/debug/_ext/1396818886/qeq_init.o
 .debug_abbrev    0x0010ee         0xa1 build/default/debug/_ext/1396818886/qeq_lifo.o
 .debug_abbrev    0x00118f        0x106 build/default/debug/_ext/1396818886/qf_act.o
 .debug_abbrev    0x001295         0xc2 build/default/debug/_ext/1396818886/qf_gc.o
 .debug_abbrev    0x001357         0x56 build/default/debug/_ext/1396818886/qf_log2.o
 .debug_abbrev    0x0013ad         0xbb build/default/debug/_ext/1396818886/qf_new.o
 .debug_abbrev    0x001468         0xc1 build/default/debug/_ext/1396818886/qf_pool.o
 .debug_abbrev    0x001529         0xc1 build/default/debug/_ext/1396818886/qf_psini.o
 .debug_abbrev    0x0015ea        0x110 build/default/debug/_ext/1396818886/qf_pspub.o
 .debug_abbrev    0x0016fa         0x56 build/default/debug/_ext/1396818886/qf_pwr2.o
 .debug_abbrev    0x001750         0xe7 build/default/debug/_ext/1396818886/qf_tick.o
 .debug_abbrev    0x001837         0xbb build/default/debug/_ext/1396818886/qmp_get.o
 .debug_abbrev    0x0018f2         0xc6 build/default/debug/_ext/1396818886/qmp_init.o
 .debug_abbrev    0x0019b8         0xa8 build/default/debug/_ext/1396818886/qmp_put.o
 .debug_abbrev    0x001a60        0x136 build/default/debug/_ext/1396818886/qte_arm.o
 .debug_abbrev    0x001b96         0xfd build/default/debug/_ext/1396818886/qte_ctor.o
 .debug_abbrev    0x001c93         0xd5 build/default/debug/_ext/1396818886/qte_ctr.o
 .debug_abbrev    0x001d68         0xd5 build/default/debug/_ext/1396818886/qte_darm.o
 .debug_abbrev    0x001e3d        0x110 build/default/debug/_ext/1396818886/qte_rarm.o
 .debug_abbrev    0x001f4d        0x124 build/default/debug/_ext/1396818886/qvanilla.o
 .debug_abbrev    0x002071        0x10d build/default/debug/mcc_generated_files/traps.o
 .debug_abbrev    0x00217e         0x34 build/default/debug/mcc_generated_files/interrupt_manager.o
 .debug_abbrev    0x0021b2         0x6a build/default/debug/mcc_generated_files/mcc.o
 .debug_abbrev    0x00221c         0x5d build/default/debug/mcc_generated_files/pin_manager.o
 .debug_abbrev    0x002279         0xe9 build/default/debug/main.o

.debug_line       0x000000       0x285f
 *(.debug_line)
 .debug_line      0x000000        0x187 build/default/debug/_ext/1360934925/Blinky.o
 .debug_line      0x000187        0x1c0 build/default/debug/_ext/1360920944/bsp.o
 .debug_line      0x000347         0xc4 build/default/debug/_ext/633907107/qep.o
 .debug_line      0x00040b         0xe0 build/default/debug/_ext/633907107/qfsm_dis.o
 .debug_line      0x0004eb         0xdb build/default/debug/_ext/633907107/qfsm_ini.o
 .debug_line      0x0005c6        0x15c build/default/debug/_ext/633907107/qhsm_dis.o
 .debug_line      0x000722         0xdc build/default/debug/_ext/633907107/qhsm_in.o
 .debug_line      0x0007fe         0xe9 build/default/debug/_ext/633907107/qhsm_ini.o
 .debug_line      0x0008e7         0xba build/default/debug/_ext/633907107/qhsm_top.o
 .debug_line      0x0009a1         0xf6 build/default/debug/_ext/1396818886/qa_defer.o
 .debug_line      0x000a97        0x105 build/default/debug/_ext/1396818886/qa_fifo.o
 .debug_line      0x000b9c        0x11d build/default/debug/_ext/1396818886/qa_get_.o
 .debug_line      0x000cb9        0x106 build/default/debug/_ext/1396818886/qa_lifo.o
 .debug_line      0x000dbf         0xed build/default/debug/_ext/1396818886/qa_sub.o
 .debug_line      0x000eac         0xee build/default/debug/_ext/1396818886/qa_usub.o
 .debug_line      0x000f9a         0xfc build/default/debug/_ext/1396818886/qa_usuba.o
 .debug_line      0x001096         0xda build/default/debug/_ext/1396818886/qeq_fifo.o
 .debug_line      0x001170         0xcd build/default/debug/_ext/1396818886/qeq_get.o
 .debug_line      0x00123d         0xc3 build/default/debug/_ext/1396818886/qeq_init.o
 .debug_line      0x001300         0xda build/default/debug/_ext/1396818886/qeq_lifo.o
 .debug_line      0x0013da        0x10b build/default/debug/_ext/1396818886/qf_act.o
 .debug_line      0x0014e5         0xdf build/default/debug/_ext/1396818886/qf_gc.o
 .debug_line      0x0015c4         0x89 build/default/debug/_ext/1396818886/qf_log2.o
 .debug_line      0x00164d         0xe9 build/default/debug/_ext/1396818886/qf_new.o
 .debug_line      0x001736         0xe2 build/default/debug/_ext/1396818886/qf_pool.o
 .debug_line      0x001818         0xc5 build/default/debug/_ext/1396818886/qf_psini.o
 .debug_line      0x0018dd         0xfc build/default/debug/_ext/1396818886/qf_pspub.o
 .debug_line      0x0019d9         0x89 build/default/debug/_ext/1396818886/qf_pwr2.o
 .debug_line      0x001a62        0x105 build/default/debug/_ext/1396818886/qf_tick.o
 .debug_line      0x001b67         0xf7 build/default/debug/_ext/1396818886/qmp_get.o
 .debug_line      0x001c5e         0xf4 build/default/debug/_ext/1396818886/qmp_init.o
 .debug_line      0x001d52         0xdc build/default/debug/_ext/1396818886/qmp_put.o
 .debug_line      0x001e2e        0x104 build/default/debug/_ext/1396818886/qte_arm.o
 .debug_line      0x001f32         0xe2 build/default/debug/_ext/1396818886/qte_ctor.o
 .debug_line      0x002014         0xd2 build/default/debug/_ext/1396818886/qte_ctr.o
 .debug_line      0x0020e6         0xd6 build/default/debug/_ext/1396818886/qte_darm.o
 .debug_line      0x0021bc         0xf5 build/default/debug/_ext/1396818886/qte_rarm.o
 .debug_line      0x0022b1        0x149 build/default/debug/_ext/1396818886/qvanilla.o
 .debug_line      0x0023fa        0x165 build/default/debug/mcc_generated_files/traps.o
 .debug_line      0x00255f         0x55 build/default/debug/mcc_generated_files/interrupt_manager.o
 .debug_line      0x0025b4        0x116 build/default/debug/mcc_generated_files/mcc.o
 .debug_line      0x0026ca         0xbf build/default/debug/mcc_generated_files/pin_manager.o
 .debug_line      0x002789         0xd6 build/default/debug/main.o

.debug_frame      0x000000        0xaba
 *(.debug_frame)
 .debug_frame     0x000000         0x84 build/default/debug/_ext/1360934925/Blinky.o
 .debug_frame     0x000084        0x154 build/default/debug/_ext/1360920944/bsp.o
 .debug_frame     0x0001d8         0x30 build/default/debug/_ext/633907107/qep.o
 .debug_frame     0x000208         0x30 build/default/debug/_ext/633907107/qfsm_dis.o
 .debug_frame     0x000238         0x30 build/default/debug/_ext/633907107/qfsm_ini.o
 .debug_frame     0x000268         0x30 build/default/debug/_ext/633907107/qhsm_dis.o
 .debug_frame     0x000298         0x30 build/default/debug/_ext/633907107/qhsm_in.o
 .debug_frame     0x0002c8         0x30 build/default/debug/_ext/633907107/qhsm_ini.o
 .debug_frame     0x0002f8         0x30 build/default/debug/_ext/633907107/qhsm_top.o
 .debug_frame     0x000328         0x4c build/default/debug/_ext/1396818886/qa_defer.o
 .debug_frame     0x000374         0x30 build/default/debug/_ext/1396818886/qa_fifo.o
 .debug_frame     0x0003a4         0x4c build/default/debug/_ext/1396818886/qa_get_.o
 .debug_frame     0x0003f0         0x30 build/default/debug/_ext/1396818886/qa_lifo.o
 .debug_frame     0x000420         0x30 build/default/debug/_ext/1396818886/qa_sub.o
 .debug_frame     0x000450         0x30 build/default/debug/_ext/1396818886/qa_usub.o
 .debug_frame     0x000480         0x30 build/default/debug/_ext/1396818886/qa_usuba.o
 .debug_frame     0x0004b0         0x30 build/default/debug/_ext/1396818886/qeq_fifo.o
 .debug_frame     0x0004e0         0x30 build/default/debug/_ext/1396818886/qeq_get.o
 .debug_frame     0x000510         0x30 build/default/debug/_ext/1396818886/qeq_init.o
 .debug_frame     0x000540         0x30 build/default/debug/_ext/1396818886/qeq_lifo.o
 .debug_frame     0x000570         0x68 build/default/debug/_ext/1396818886/qf_act.o
 .debug_frame     0x0005d8         0x30 build/default/debug/_ext/1396818886/qf_gc.o
 .debug_frame     0x000608         0x30 build/default/debug/_ext/1396818886/qf_new.o
 .debug_frame     0x000638         0x30 build/default/debug/_ext/1396818886/qf_pool.o
 .debug_frame     0x000668         0x30 build/default/debug/_ext/1396818886/qf_psini.o
 .debug_frame     0x000698         0x30 build/default/debug/_ext/1396818886/qf_pspub.o
 .debug_frame     0x0006c8         0x30 build/default/debug/_ext/1396818886/qf_tick.o
 .debug_frame     0x0006f8         0x4c build/default/debug/_ext/1396818886/qmp_get.o
 .debug_frame     0x000744         0x30 build/default/debug/_ext/1396818886/qmp_init.o
 .debug_frame     0x000774         0x30 build/default/debug/_ext/1396818886/qmp_put.o
 .debug_frame     0x0007a4         0x4c build/default/debug/_ext/1396818886/qte_arm.o
 .debug_frame     0x0007f0         0x30 build/default/debug/_ext/1396818886/qte_ctor.o
 .debug_frame     0x000820         0x30 build/default/debug/_ext/1396818886/qte_ctr.o
 .debug_frame     0x000850         0x30 build/default/debug/_ext/1396818886/qte_darm.o
 .debug_frame     0x000880         0x30 build/default/debug/_ext/1396818886/qte_rarm.o
 .debug_frame     0x0008b0         0xa0 build/default/debug/_ext/1396818886/qvanilla.o
 .debug_frame     0x000950         0x80 build/default/debug/mcc_generated_files/traps.o
 .debug_frame     0x0009d0         0x30 build/default/debug/mcc_generated_files/interrupt_manager.o
 .debug_frame     0x000a00         0x4c build/default/debug/mcc_generated_files/mcc.o
 .debug_frame     0x000a4c         0x30 build/default/debug/mcc_generated_files/pin_manager.o
 .debug_frame     0x000a7c         0x3e build/default/debug/main.o

.debug_str        0x000000        0x303
 *(.debug_str)
 .debug_str       0x000000          0x9 build/default/debug/_ext/1360934925/Blinky.o
 .debug_str       0x000009         0x37 build/default/debug/_ext/1360920944/bsp.o
 .debug_str       0x000040         0x11 build/default/debug/_ext/633907107/qfsm_dis.o
 .debug_str       0x000051         0x11 build/default/debug/_ext/633907107/qfsm_ini.o
 .debug_str       0x000062         0x11 build/default/debug/_ext/633907107/qhsm_dis.o
 .debug_str       0x000073         0x11 build/default/debug/_ext/633907107/qhsm_in.o
 .debug_str       0x000084         0x11 build/default/debug/_ext/633907107/qhsm_ini.o
 .debug_str       0x000095         0x19 build/default/debug/_ext/1396818886/qa_fifo.o
 .debug_str       0x0000ae         0x27 build/default/debug/_ext/1396818886/qa_get_.o
 .debug_str       0x0000d5         0x19 build/default/debug/_ext/1396818886/qa_lifo.o
 .debug_str       0x0000ee         0x40 build/default/debug/_ext/1396818886/qa_sub.o
 .debug_str       0x00012e         0x43 build/default/debug/_ext/1396818886/qa_usub.o
 .debug_str       0x000171         0x4f build/default/debug/_ext/1396818886/qa_usuba.o
 .debug_str       0x0001c0          0xb build/default/debug/_ext/1396818886/qf_act.o
 .debug_str       0x0001cb         0x15 build/default/debug/_ext/1396818886/qf_gc.o
 .debug_str       0x0001e0         0x15 build/default/debug/_ext/1396818886/qf_new.o
 .debug_str       0x0001f5         0x15 build/default/debug/_ext/1396818886/qf_pool.o
 .debug_str       0x00020a         0x1d build/default/debug/_ext/1396818886/qf_psini.o
 .debug_str       0x000227         0x37 build/default/debug/_ext/1396818886/qf_pspub.o
 .debug_str       0x00025e         0x14 build/default/debug/_ext/1396818886/qf_tick.o
 .debug_str       0x000272         0x15 build/default/debug/_ext/1396818886/qmp_get.o
 .debug_str       0x000287          0xa build/default/debug/_ext/1396818886/qmp_init.o
 .debug_str       0x000291         0x14 build/default/debug/_ext/1396818886/qte_arm.o
 .debug_str       0x0002a5         0x14 build/default/debug/_ext/1396818886/qte_rarm.o
 .debug_str       0x0002b9         0x18 build/default/debug/_ext/1396818886/qvanilla.o
 .debug_str       0x0002d1          0xc build/default/debug/mcc_generated_files/traps.o
 .debug_str       0x0002dd         0x1c build/default/debug/mcc_generated_files/mcc.o
 .debug_str       0x0002f9          0xa build/default/debug/main.o

.debug_loc
 *(.debug_loc)

.debug_macinfo
 *(.debug_macinfo)

.debug_pubnames
                  0x000000        0x86b
 *(.debug_pubnames)
 .debug_pubnames
                  0x000000         0x2f build/default/debug/_ext/1360934925/Blinky.o
 .debug_pubnames
                  0x00002f         0xb9 build/default/debug/_ext/1360920944/bsp.o
 .debug_pubnames
                  0x0000e8         0x3a build/default/debug/_ext/633907107/qep.o
 .debug_pubnames
                  0x000122         0x24 build/default/debug/_ext/633907107/qfsm_dis.o
 .debug_pubnames
                  0x000146         0x20 build/default/debug/_ext/633907107/qfsm_ini.o
 .debug_pubnames
                  0x000166         0x24 build/default/debug/_ext/633907107/qhsm_dis.o
 .debug_pubnames
                  0x00018a         0x20 build/default/debug/_ext/633907107/qhsm_in.o
 .debug_pubnames
                  0x0001aa         0x20 build/default/debug/_ext/633907107/qhsm_ini.o
 .debug_pubnames
                  0x0001ca         0x1f build/default/debug/_ext/633907107/qhsm_top.o
 .debug_pubnames
                  0x0001e9         0x37 build/default/debug/_ext/1396818886/qa_defer.o
 .debug_pubnames
                  0x000220         0x27 build/default/debug/_ext/1396818886/qa_fifo.o
 .debug_pubnames
                  0x000247         0x39 build/default/debug/_ext/1396818886/qa_get_.o
 .debug_pubnames
                  0x000280         0x27 build/default/debug/_ext/1396818886/qa_lifo.o
 .debug_pubnames
                  0x0002a7         0x28 build/default/debug/_ext/1396818886/qa_sub.o
 .debug_pubnames
                  0x0002cf         0x2a build/default/debug/_ext/1396818886/qa_usub.o
 .debug_pubnames
                  0x0002f9         0x2d build/default/debug/_ext/1396818886/qa_usuba.o
 .debug_pubnames
                  0x000326         0x27 build/default/debug/_ext/1396818886/qeq_fifo.o
 .debug_pubnames
                  0x00034d         0x22 build/default/debug/_ext/1396818886/qeq_get.o
 .debug_pubnames
                  0x00036f         0x23 build/default/debug/_ext/1396818886/qeq_init.o
 .debug_pubnames
                  0x000392         0x27 build/default/debug/_ext/1396818886/qeq_lifo.o
 .debug_pubnames
                  0x0003b9         0x62 build/default/debug/_ext/1396818886/qf_act.o
 .debug_pubnames
                  0x00041b         0x1c build/default/debug/_ext/1396818886/qf_gc.o
 .debug_pubnames
                  0x000437         0x22 build/default/debug/_ext/1396818886/qf_log2.o
 .debug_pubnames
                  0x000459         0x1e build/default/debug/_ext/1396818886/qf_new.o
 .debug_pubnames
                  0x000477         0x3f build/default/debug/_ext/1396818886/qf_pool.o
 .debug_pubnames
                  0x0004b6         0x45 build/default/debug/_ext/1396818886/qf_psini.o
 .debug_pubnames
                  0x0004fb         0x21 build/default/debug/_ext/1396818886/qf_pspub.o
 .debug_pubnames
                  0x00051c         0x45 build/default/debug/_ext/1396818886/qf_pwr2.o
 .debug_pubnames
                  0x000561         0x1e build/default/debug/_ext/1396818886/qf_tick.o
 .debug_pubnames
                  0x00057f         0x36 build/default/debug/_ext/1396818886/qmp_get.o
 .debug_pubnames
                  0x0005b5         0x22 build/default/debug/_ext/1396818886/qmp_init.o
 .debug_pubnames
                  0x0005d7         0x21 build/default/debug/_ext/1396818886/qmp_put.o
 .debug_pubnames
                  0x0005f8         0x54 build/default/debug/_ext/1396818886/qte_arm.o
 .debug_pubnames
                  0x00064c         0x24 build/default/debug/_ext/1396818886/qte_ctor.o
 .debug_pubnames
                  0x000670         0x23 build/default/debug/_ext/1396818886/qte_ctr.o
 .debug_pubnames
                  0x000693         0x26 build/default/debug/_ext/1396818886/qte_darm.o
 .debug_pubnames
                  0x0006b9         0x25 build/default/debug/_ext/1396818886/qte_rarm.o
 .debug_pubnames
                  0x0006de         0x69 build/default/debug/_ext/1396818886/qvanilla.o
 .debug_pubnames
                  0x000747         0x6f build/default/debug/mcc_generated_files/traps.o
 .debug_pubnames
                  0x0007b6         0x2b build/default/debug/mcc_generated_files/interrupt_manager.o
 .debug_pubnames
                  0x0007e1         0x42 build/default/debug/mcc_generated_files/mcc.o
 .debug_pubnames
                  0x000823         0x2d build/default/debug/mcc_generated_files/pin_manager.o
 .debug_pubnames
                  0x000850         0x1b build/default/debug/main.o

.debug_ranges
 *(.debug_ranges)

.debug_aranges    0x000000        0x600
 *(.debug_aranges)
 .debug_aranges
                  0x000000         0x38 build/default/debug/_ext/1360934925/Blinky.o
 .debug_aranges
                  0x000038         0x68 build/default/debug/_ext/1360920944/bsp.o
 .debug_aranges
                  0x0000a0         0x20 build/default/debug/_ext/633907107/qep.o
 .debug_aranges
                  0x0000c0         0x20 build/default/debug/_ext/633907107/qfsm_dis.o
 .debug_aranges
                  0x0000e0         0x20 build/default/debug/_ext/633907107/qfsm_ini.o
 .debug_aranges
                  0x000100         0x20 build/default/debug/_ext/633907107/qhsm_dis.o
 .debug_aranges
                  0x000120         0x20 build/default/debug/_ext/633907107/qhsm_in.o
 .debug_aranges
                  0x000140         0x20 build/default/debug/_ext/633907107/qhsm_ini.o
 .debug_aranges
                  0x000160         0x20 build/default/debug/_ext/633907107/qhsm_top.o
 .debug_aranges
                  0x000180         0x28 build/default/debug/_ext/1396818886/qa_defer.o
 .debug_aranges
                  0x0001a8         0x20 build/default/debug/_ext/1396818886/qa_fifo.o
 .debug_aranges
                  0x0001c8         0x28 build/default/debug/_ext/1396818886/qa_get_.o
 .debug_aranges
                  0x0001f0         0x20 build/default/debug/_ext/1396818886/qa_lifo.o
 .debug_aranges
                  0x000210         0x20 build/default/debug/_ext/1396818886/qa_sub.o
 .debug_aranges
                  0x000230         0x20 build/default/debug/_ext/1396818886/qa_usub.o
 .debug_aranges
                  0x000250         0x20 build/default/debug/_ext/1396818886/qa_usuba.o
 .debug_aranges
                  0x000270         0x20 build/default/debug/_ext/1396818886/qeq_fifo.o
 .debug_aranges
                  0x000290         0x20 build/default/debug/_ext/1396818886/qeq_get.o
 .debug_aranges
                  0x0002b0         0x20 build/default/debug/_ext/1396818886/qeq_init.o
 .debug_aranges
                  0x0002d0         0x20 build/default/debug/_ext/1396818886/qeq_lifo.o
 .debug_aranges
                  0x0002f0         0x30 build/default/debug/_ext/1396818886/qf_act.o
 .debug_aranges
                  0x000320         0x20 build/default/debug/_ext/1396818886/qf_gc.o
 .debug_aranges
                  0x000340         0x20 build/default/debug/_ext/1396818886/qf_new.o
 .debug_aranges
                  0x000360         0x20 build/default/debug/_ext/1396818886/qf_pool.o
 .debug_aranges
                  0x000380         0x20 build/default/debug/_ext/1396818886/qf_psini.o
 .debug_aranges
                  0x0003a0         0x20 build/default/debug/_ext/1396818886/qf_pspub.o
 .debug_aranges
                  0x0003c0         0x20 build/default/debug/_ext/1396818886/qf_tick.o
 .debug_aranges
                  0x0003e0         0x28 build/default/debug/_ext/1396818886/qmp_get.o
 .debug_aranges
                  0x000408         0x20 build/default/debug/_ext/1396818886/qmp_init.o
 .debug_aranges
                  0x000428         0x20 build/default/debug/_ext/1396818886/qmp_put.o
 .debug_aranges
                  0x000448         0x28 build/default/debug/_ext/1396818886/qte_arm.o
 .debug_aranges
                  0x000470         0x20 build/default/debug/_ext/1396818886/qte_ctor.o
 .debug_aranges
                  0x000490         0x20 build/default/debug/_ext/1396818886/qte_ctr.o
 .debug_aranges
                  0x0004b0         0x20 build/default/debug/_ext/1396818886/qte_darm.o
 .debug_aranges
                  0x0004d0         0x20 build/default/debug/_ext/1396818886/qte_rarm.o
 .debug_aranges
                  0x0004f0         0x40 build/default/debug/_ext/1396818886/qvanilla.o
 .debug_aranges
                  0x000530         0x48 build/default/debug/mcc_generated_files/traps.o
 .debug_aranges
                  0x000578         0x20 build/default/debug/mcc_generated_files/interrupt_manager.o
 .debug_aranges
                  0x000598         0x28 build/default/debug/mcc_generated_files/mcc.o
 .debug_aranges
                  0x0005c0         0x20 build/default/debug/mcc_generated_files/pin_manager.o
 .debug_aranges
                  0x0005e0         0x20 build/default/debug/main.o
                    0x0000                  WREG0 = 0x0
                    0x0000                  _WREG0 = 0x0
                    0x0002                  WREG1 = 0x2
                    0x0002                  _WREG1 = 0x2
                    0x0004                  WREG2 = 0x4
                    0x0004                  _WREG2 = 0x4
                    0x0006                  WREG3 = 0x6
                    0x0006                  _WREG3 = 0x6
                    0x0008                  WREG4 = 0x8
                    0x0008                  _WREG4 = 0x8
                    0x000a                  WREG5 = 0xa
                    0x000a                  _WREG5 = 0xa
                    0x000c                  WREG6 = 0xc
                    0x000c                  _WREG6 = 0xc
                    0x000e                  WREG7 = 0xe
                    0x000e                  _WREG7 = 0xe
                    0x0010                  WREG8 = 0x10
                    0x0010                  _WREG8 = 0x10
                    0x0012                  WREG9 = 0x12
                    0x0012                  _WREG9 = 0x12
                    0x0014                  WREG10 = 0x14
                    0x0014                  _WREG10 = 0x14
                    0x0016                  WREG11 = 0x16
                    0x0016                  _WREG11 = 0x16
                    0x0018                  WREG12 = 0x18
                    0x0018                  _WREG12 = 0x18
                    0x001a                  WREG13 = 0x1a
                    0x001a                  _WREG13 = 0x1a
                    0x001c                  WREG14 = 0x1c
                    0x001c                  _WREG14 = 0x1c
                    0x001e                  WREG15 = 0x1e
                    0x001e                  _WREG15 = 0x1e
                    0x0020                  SPLIM = 0x20
                    0x0020                  _SPLIM = 0x20
                    0x002e                  PCL = 0x2e
                    0x002e                  _PCL = 0x2e
                    0x0030                  PCH = 0x30
                    0x0030                  _PCH = 0x30
                    0x0032                  DSRPAG = 0x32
                    0x0032                  _DSRPAG = 0x32
                    0x0032                  _DSRPAGbits = 0x32
                    0x0034                  DSWPAG = 0x34
                    0x0034                  _DSWPAG = 0x34
                    0x0034                  _DSWPAGbits = 0x34
                    0x0036                  RCOUNT = 0x36
                    0x0036                  _RCOUNT = 0x36
                    0x0042                  SR = 0x42
                    0x0042                  _SR = 0x42
                    0x0042                  _SRbits = 0x42
                    0x0044                  CORCON = 0x44
                    0x0044                  _CORCON = 0x44
                    0x0044                  _CORCONbits = 0x44
                    0x0052                  DISICNT = 0x52
                    0x0052                  _DISICNT = 0x52
                    0x0052                  _DISICNTbits = 0x52
                    0x0054                  TBLPAG = 0x54
                    0x0054                  _TBLPAG = 0x54
                    0x0054                  _TBLPAGbits = 0x54
                    0x0056                  CNPD1 = 0x56
                    0x0056                  _CNPD1 = 0x56
                    0x0056                  _CNPD1bits = 0x56
                    0x0058                  CNPD2 = 0x58
                    0x0058                  _CNPD2 = 0x58
                    0x0058                  _CNPD2bits = 0x58
                    0x005a                  CNPD3 = 0x5a
                    0x005a                  _CNPD3 = 0x5a
                    0x005a                  _CNPD3bits = 0x5a
                    0x0062                  CNEN1 = 0x62
                    0x0062                  _CNEN1 = 0x62
                    0x0062                  _CNEN1bits = 0x62
                    0x0064                  CNEN2 = 0x64
                    0x0064                  _CNEN2 = 0x64
                    0x0064                  _CNEN2bits = 0x64
                    0x0066                  CNEN3 = 0x66
                    0x0066                  _CNEN3 = 0x66
                    0x0066                  _CNEN3bits = 0x66
                    0x006e                  CNPU1 = 0x6e
                    0x006e                  _CNPU1 = 0x6e
                    0x006e                  _CNPU1bits = 0x6e
                    0x0070                  CNPU2 = 0x70
                    0x0070                  _CNPU2 = 0x70
                    0x0070                  _CNPU2bits = 0x70
                    0x0072                  CNPU3 = 0x72
                    0x0072                  _CNPU3 = 0x72
                    0x0072                  _CNPU3bits = 0x72
                    0x0080                  INTCON1 = 0x80
                    0x0080                  _INTCON1 = 0x80
                    0x0080                  _INTCON1bits = 0x80
                    0x0082                  INTCON2 = 0x82
                    0x0082                  _INTCON2 = 0x82
                    0x0082                  _INTCON2bits = 0x82
                    0x0084                  IFS0 = 0x84
                    0x0084                  _IFS0 = 0x84
                    0x0084                  _IFS0bits = 0x84
                    0x0086                  IFS1 = 0x86
                    0x0086                  _IFS1 = 0x86
                    0x0086                  _IFS1bits = 0x86
                    0x0088                  IFS2 = 0x88
                    0x0088                  _IFS2 = 0x88
                    0x0088                  _IFS2bits = 0x88
                    0x008a                  IFS3 = 0x8a
                    0x008a                  _IFS3 = 0x8a
                    0x008a                  _IFS3bits = 0x8a
                    0x008c                  IFS4 = 0x8c
                    0x008c                  _IFS4 = 0x8c
                    0x008c                  _IFS4bits = 0x8c
                    0x008e                  IFS5 = 0x8e
                    0x008e                  _IFS5 = 0x8e
                    0x008e                  _IFS5bits = 0x8e
                    0x0090                  IFS6 = 0x90
                    0x0090                  _IFS6 = 0x90
                    0x0090                  _IFS6bits = 0x90
                    0x0092                  IFS7 = 0x92
                    0x0092                  _IFS7 = 0x92
                    0x0092                  _IFS7bits = 0x92
                    0x0094                  IEC0 = 0x94
                    0x0094                  _IEC0 = 0x94
                    0x0094                  _IEC0bits = 0x94
                    0x0096                  IEC1 = 0x96
                    0x0096                  _IEC1 = 0x96
                    0x0096                  _IEC1bits = 0x96
                    0x0098                  IEC2 = 0x98
                    0x0098                  _IEC2 = 0x98
                    0x0098                  _IEC2bits = 0x98
                    0x009a                  IEC3 = 0x9a
                    0x009a                  _IEC3 = 0x9a
                    0x009a                  _IEC3bits = 0x9a
                    0x009c                  IEC4 = 0x9c
                    0x009c                  _IEC4 = 0x9c
                    0x009c                  _IEC4bits = 0x9c
                    0x009e                  IEC5 = 0x9e
                    0x009e                  _IEC5 = 0x9e
                    0x009e                  _IEC5bits = 0x9e
                    0x00a0                  IEC6 = 0xa0
                    0x00a0                  _IEC6 = 0xa0
                    0x00a0                  _IEC6bits = 0xa0
                    0x00a2                  IEC7 = 0xa2
                    0x00a2                  _IEC7 = 0xa2
                    0x00a2                  _IEC7bits = 0xa2
                    0x00a4                  IPC0 = 0xa4
                    0x00a4                  _IPC0 = 0xa4
                    0x00a4                  _IPC0bits = 0xa4
                    0x00a6                  IPC1 = 0xa6
                    0x00a6                  _IPC1 = 0xa6
                    0x00a6                  _IPC1bits = 0xa6
                    0x00a8                  IPC2 = 0xa8
                    0x00a8                  _IPC2 = 0xa8
                    0x00a8                  _IPC2bits = 0xa8
                    0x00aa                  IPC3 = 0xaa
                    0x00aa                  _IPC3 = 0xaa
                    0x00aa                  _IPC3bits = 0xaa
                    0x00ac                  IPC4 = 0xac
                    0x00ac                  _IPC4 = 0xac
                    0x00ac                  _IPC4bits = 0xac
                    0x00ae                  IPC5 = 0xae
                    0x00ae                  _IPC5 = 0xae
                    0x00ae                  _IPC5bits = 0xae
                    0x00b0                  IPC6 = 0xb0
                    0x00b0                  _IPC6 = 0xb0
                    0x00b0                  _IPC6bits = 0xb0
                    0x00b2                  IPC7 = 0xb2
                    0x00b2                  _IPC7 = 0xb2
                    0x00b2                  _IPC7bits = 0xb2
                    0x00b4                  IPC8 = 0xb4
                    0x00b4                  _IPC8 = 0xb4
                    0x00b4                  _IPC8bits = 0xb4
                    0x00b6                  IPC9 = 0xb6
                    0x00b6                  _IPC9 = 0xb6
                    0x00b6                  _IPC9bits = 0xb6
                    0x00b8                  IPC10 = 0xb8
                    0x00b8                  _IPC10 = 0xb8
                    0x00b8                  _IPC10bits = 0xb8
                    0x00ba                  IPC11 = 0xba
                    0x00ba                  _IPC11 = 0xba
                    0x00ba                  _IPC11bits = 0xba
                    0x00bc                  IPC12 = 0xbc
                    0x00bc                  _IPC12 = 0xbc
                    0x00bc                  _IPC12bits = 0xbc
                    0x00be                  IPC13 = 0xbe
                    0x00be                  _IPC13 = 0xbe
                    0x00be                  _IPC13bits = 0xbe
                    0x00c0                  IPC14 = 0xc0
                    0x00c0                  _IPC14 = 0xc0
                    0x00c0                  _IPC14bits = 0xc0
                    0x00c2                  IPC15 = 0xc2
                    0x00c2                  _IPC15 = 0xc2
                    0x00c2                  _IPC15bits = 0xc2
                    0x00c4                  IPC16 = 0xc4
                    0x00c4                  _IPC16 = 0xc4
                    0x00c4                  _IPC16bits = 0xc4
                    0x00c8                  IPC18 = 0xc8
                    0x00c8                  _IPC18 = 0xc8
                    0x00c8                  _IPC18bits = 0xc8
                    0x00ca                  IPC19 = 0xca
                    0x00ca                  _IPC19 = 0xca
                    0x00ca                  _IPC19bits = 0xca
                    0x00cc                  IPC20 = 0xcc
                    0x00cc                  _IPC20 = 0xcc
                    0x00cc                  _IPC20bits = 0xcc
                    0x00ce                  IPC21 = 0xce
                    0x00ce                  _IPC21 = 0xce
                    0x00ce                  _IPC21bits = 0xce
                    0x00d0                  IPC22 = 0xd0
                    0x00d0                  _IPC22 = 0xd0
                    0x00d0                  _IPC22bits = 0xd0
                    0x00d2                  IPC23 = 0xd2
                    0x00d2                  _IPC23 = 0xd2
                    0x00d6                  IPC25 = 0xd6
                    0x00d6                  _IPC25 = 0xd6
                    0x00d8                  IPC26 = 0xd8
                    0x00d8                  _IPC26 = 0xd8
                    0x00d8                  _IPC26bits = 0xd8
                    0x00de                  IPC29 = 0xde
                    0x00de                  _IPC29 = 0xde
                    0x00de                  _IPC29bits = 0xde
                    0x00e0                  INTTREG = 0xe0
                    0x00e0                  _INTTREG = 0xe0
                    0x00e0                  _INTTREGbits = 0xe0
                    0x0100                  OSCCON = 0x100
                    0x0100                  _OSCCON = 0x100
                    0x0100                  _OSCCONbits = 0x100
                    0x0100                  OSCCONL = 0x100
                    0x0100                  _OSCCONL = 0x100
                    0x0101                  OSCCONH = 0x101
                    0x0101                  _OSCCONH = 0x101
                    0x0102                  CLKDIV = 0x102
                    0x0102                  _CLKDIV = 0x102
                    0x0102                  _CLKDIVbits = 0x102
                    0x0106                  OSCTUN = 0x106
                    0x0106                  _OSCTUN = 0x106
                    0x0106                  _OSCTUNbits = 0x106
                    0x0108                  RCON = 0x108
                    0x0108                  _RCON = 0x108
                    0x0108                  _RCONbits = 0x108
                    0x010a                  RCON2 = 0x10a
                    0x010a                  _RCON2 = 0x10a
                    0x010a                  _RCON2bits = 0x10a
                    0x010c                  HLVDCON = 0x10c
                    0x010c                  _HLVDCON = 0x10c
                    0x010c                  _HLVDCONbits = 0x10c
                    0x010e                  DSCON = 0x10e
                    0x010e                  _DSCON = 0x10e
                    0x010e                  _DSCONbits = 0x10e
                    0x0110                  DSWAKE = 0x110
                    0x0110                  _DSWAKE = 0x110
                    0x0110                  _DSWAKEbits = 0x110
                    0x0112                  DSGPR0 = 0x112
                    0x0112                  _DSGPR0 = 0x112
                    0x0114                  DSGPR1 = 0x114
                    0x0114                  _DSGPR1 = 0x114
                    0x011e                  ALRMVAL = 0x11e
                    0x011e                  _ALRMVAL = 0x11e
                    0x0120                  ALCFGRPT = 0x120
                    0x0120                  _ALCFGRPT = 0x120
                    0x0120                  _ALCFGRPTbits = 0x120
                    0x0122                  RTCVAL = 0x122
                    0x0122                  _RTCVAL = 0x122
                    0x0124                  RCFGCAL = 0x124
                    0x0124                  _RCFGCAL = 0x124
                    0x0124                  _RCFGCALbits = 0x124
                    0x0126                  RTCPWC = 0x126
                    0x0126                  _RTCPWC = 0x126
                    0x0126                  _RTCPWCbits = 0x126
                    0x0128                  PMCON1 = 0x128
                    0x0128                  _PMCON1 = 0x128
                    0x0128                  _PMCON1bits = 0x128
                    0x012a                  PMCON2 = 0x12a
                    0x012a                  _PMCON2 = 0x12a
                    0x012a                  _PMCON2bits = 0x12a
                    0x012c                  PMCON3 = 0x12c
                    0x012c                  _PMCON3 = 0x12c
                    0x012c                  _PMCON3bits = 0x12c
                    0x012e                  PMCON4 = 0x12e
                    0x012e                  _PMCON4 = 0x12e
                    0x012e                  _PMCON4bits = 0x12e
                    0x0130                  PMCS1CF = 0x130
                    0x0130                  _PMCS1CF = 0x130
                    0x0130                  _PMCS1CFbits = 0x130
                    0x0132                  PMCS1BS = 0x132
                    0x0132                  _PMCS1BS = 0x132
                    0x0132                  _PMCS1BSbits = 0x132
                    0x0134                  PMCS1MD = 0x134
                    0x0134                  _PMCS1MD = 0x134
                    0x0134                  _PMCS1MDbits = 0x134
                    0x0136                  PMCS2CF = 0x136
                    0x0136                  _PMCS2CF = 0x136
                    0x0136                  _PMCS2CFbits = 0x136
                    0x0138                  PMCS2BS = 0x138
                    0x0138                  _PMCS2BS = 0x138
                    0x0138                  _PMCS2BSbits = 0x138
                    0x013a                  PMCS2MD = 0x13a
                    0x013a                  _PMCS2MD = 0x13a
                    0x013a                  _PMCS2MDbits = 0x13a
                    0x013c                  PMDOUT1 = 0x13c
                    0x013c                  _PMDOUT1 = 0x13c
                    0x013e                  PMDOUT2 = 0x13e
                    0x013e                  _PMDOUT2 = 0x13e
                    0x0140                  PMDIN1 = 0x140
                    0x0140                  _PMDIN1 = 0x140
                    0x0142                  PMDIN2 = 0x142
                    0x0142                  _PMDIN2 = 0x142
                    0x0144                  PMSTAT = 0x144
                    0x0144                  _PMSTAT = 0x144
                    0x0144                  _PMSTATbits = 0x144
                    0x0158                  CRCCON1 = 0x158
                    0x0158                  _CRCCON1 = 0x158
                    0x0158                  _CRCCON1bits = 0x158
                    0x015a                  CRCCON2 = 0x15a
                    0x015a                  _CRCCON2 = 0x15a
                    0x015a                  _CRCCON2bits = 0x15a
                    0x015c                  CRCXORL = 0x15c
                    0x015c                  _CRCXORL = 0x15c
                    0x015c                  _CRCXORLbits = 0x15c
                    0x015e                  CRCXORH = 0x15e
                    0x015e                  _CRCXORH = 0x15e
                    0x015e                  _CRCXORHbits = 0x15e
                    0x0160                  CRCDAT = 0x160
                    0x0160                  _CRCDAT = 0x160
                    0x0160                  CRCDATL = 0x160
                    0x0160                  _CRCDATL = 0x160
                    0x0162                  CRCDATH = 0x162
                    0x0162                  _CRCDATH = 0x162
                    0x0164                  CRCWDAT = 0x164
                    0x0164                  _CRCWDAT = 0x164
                    0x0164                  CRCWDATL = 0x164
                    0x0164                  _CRCWDATL = 0x164
                    0x0166                  CRCWDATH = 0x166
                    0x0166                  _CRCWDATH = 0x166
                    0x0168                  REFOCON1 = 0x168
                    0x0168                  _REFOCON1 = 0x168
                    0x0168                  _REFOCON1bits = 0x168
                    0x0168                  REFOCONL = 0x168
                    0x0168                  _REFOCONL = 0x168
                    0x0168                  _REFOCONLbits = 0x168
                    0x016a                  REFOCON2 = 0x16a
                    0x016a                  _REFOCON2 = 0x16a
                    0x016a                  _REFOCON2bits = 0x16a
                    0x016a                  REFOCONH = 0x16a
                    0x016a                  _REFOCONH = 0x16a
                    0x016a                  _REFOCONHbits = 0x16a
                    0x016c                  REFOTRIML = 0x16c
                    0x016c                  _REFOTRIML = 0x16c
                    0x016c                  _REFOTRIMLbits = 0x16c
                    0x0170                  PMD1 = 0x170
                    0x0170                  _PMD1 = 0x170
                    0x0170                  _PMD1bits = 0x170
                    0x0172                  PMD2 = 0x172
                    0x0172                  _PMD2 = 0x172
                    0x0172                  _PMD2bits = 0x172
                    0x0174                  PMD3 = 0x174
                    0x0174                  _PMD3 = 0x174
                    0x0174                  _PMD3bits = 0x174
                    0x0176                  PMD4 = 0x176
                    0x0176                  _PMD4 = 0x176
                    0x0176                  _PMD4bits = 0x176
                    0x0178                  PMD5 = 0x178
                    0x0178                  _PMD5 = 0x178
                    0x017a                  PMD6 = 0x17a
                    0x017a                  _PMD6 = 0x17a
                    0x017a                  _PMD6bits = 0x17a
                    0x017c                  PMD7 = 0x17c
                    0x017c                  _PMD7 = 0x17c
                    0x017c                  _PMD7bits = 0x17c
                    0x017e                  PMD8 = 0x17e
                    0x017e                  _PMD8 = 0x17e
                    0x017e                  _PMD8bits = 0x17e
                    0x0180                  TRISA = 0x180
                    0x0180                  _TRISA = 0x180
                    0x0180                  _TRISAbits = 0x180
                    0x0182                  PORTA = 0x182
                    0x0182                  _PORTA = 0x182
                    0x0182                  _PORTAbits = 0x182
                    0x0184                  LATA = 0x184
                    0x0184                  _LATA = 0x184
                    0x0184                  _LATAbits = 0x184
                    0x0186                  ODCA = 0x186
                    0x0186                  _ODCA = 0x186
                    0x0186                  _ODCAbits = 0x186
                    0x0188                  ANSA = 0x188
                    0x0188                  _ANSA = 0x188
                    0x0188                  _ANSAbits = 0x188
                    0x018a                  TRISB = 0x18a
                    0x018a                  _TRISB = 0x18a
                    0x018a                  _TRISBbits = 0x18a
                    0x018c                  PORTB = 0x18c
                    0x018c                  _PORTB = 0x18c
                    0x018c                  _PORTBbits = 0x18c
                    0x018e                  LATB = 0x18e
                    0x018e                  _LATB = 0x18e
                    0x018e                  _LATBbits = 0x18e
                    0x0190                  ODCB = 0x190
                    0x0190                  _ODCB = 0x190
                    0x0190                  _ODCBbits = 0x190
                    0x0192                  ANSB = 0x192
                    0x0192                  _ANSB = 0x192
                    0x0192                  _ANSBbits = 0x192
                    0x0194                  TRISC = 0x194
                    0x0194                  _TRISC = 0x194
                    0x0194                  _TRISCbits = 0x194
                    0x0196                  PORTC = 0x196
                    0x0196                  _PORTC = 0x196
                    0x0196                  _PORTCbits = 0x196
                    0x0198                  LATC = 0x198
                    0x0198                  _LATC = 0x198
                    0x0198                  _LATCbits = 0x198
                    0x019a                  ODCC = 0x19a
                    0x019a                  _ODCC = 0x19a
                    0x019a                  _ODCCbits = 0x19a
                    0x019c                  ANSC = 0x19c
                    0x019c                  _ANSC = 0x19c
                    0x019c                  _ANSCbits = 0x19c
                    0x019e                  ANCFG = 0x19e
                    0x019e                  _ANCFG = 0x19e
                    0x019e                  _ANCFGbits = 0x19e
                    0x01a0                  PADCFG1 = 0x1a0
                    0x01a0                  _PADCFG1 = 0x1a0
                    0x01a0                  _PADCFG1bits = 0x1a0
                    0x01a4                  CRYCON1 = 0x1a4
                    0x01a4                  _CRYCON1 = 0x1a4
                    0x01a4                  _CRYCON1bits = 0x1a4
                    0x01a4                  CRYCONL = 0x1a4
                    0x01a4                  _CRYCONL = 0x1a4
                    0x01a4                  _CRYCONLbits = 0x1a4
                    0x01a6                  CRYCON2 = 0x1a6
                    0x01a6                  _CRYCON2 = 0x1a6
                    0x01a6                  _CRYCON2bits = 0x1a6
                    0x01a6                  CRYCONH = 0x1a6
                    0x01a6                  _CRYCONH = 0x1a6
                    0x01a6                  _CRYCONHbits = 0x1a6
                    0x01a8                  CRYSTAT = 0x1a8
                    0x01a8                  _CRYSTAT = 0x1a8
                    0x01a8                  _CRYSTATbits = 0x1a8
                    0x01ac                  CRYOTP = 0x1ac
                    0x01ac                  _CRYOTP = 0x1ac
                    0x01ac                  _CRYOTPbits = 0x1ac
                    0x01b0                  CRYTXTA = 0x1b0
                    0x01b0                  _CRYTXTA = 0x1b0
                    0x01b0                  CRYTXTA0 = 0x1b0
                    0x01b0                  _CRYTXTA0 = 0x1b0
                    0x01b2                  CRYTXTA1 = 0x1b2
                    0x01b2                  _CRYTXTA1 = 0x1b2
                    0x01b4                  CRYTXTA2 = 0x1b4
                    0x01b4                  _CRYTXTA2 = 0x1b4
                    0x01b6                  CRYTXTA3 = 0x1b6
                    0x01b6                  _CRYTXTA3 = 0x1b6
                    0x01b8                  CRYTXTA4 = 0x1b8
                    0x01b8                  _CRYTXTA4 = 0x1b8
                    0x01ba                  CRYTXTA5 = 0x1ba
                    0x01ba                  _CRYTXTA5 = 0x1ba
                    0x01bc                  CRYTXTA6 = 0x1bc
                    0x01bc                  _CRYTXTA6 = 0x1bc
                    0x01be                  CRYTXTA7 = 0x1be
                    0x01be                  _CRYTXTA7 = 0x1be
                    0x01c0                  CRYKEY = 0x1c0
                    0x01c0                  _CRYKEY = 0x1c0
                    0x01c0                  CRYKEY0 = 0x1c0
                    0x01c0                  _CRYKEY0 = 0x1c0
                    0x01c2                  CRYKEY1 = 0x1c2
                    0x01c2                  _CRYKEY1 = 0x1c2
                    0x01c4                  CRYKEY2 = 0x1c4
                    0x01c4                  _CRYKEY2 = 0x1c4
                    0x01c6                  CRYKEY3 = 0x1c6
                    0x01c6                  _CRYKEY3 = 0x1c6
                    0x01c8                  CRYKEY4 = 0x1c8
                    0x01c8                  _CRYKEY4 = 0x1c8
                    0x01ca                  CRYKEY5 = 0x1ca
                    0x01ca                  _CRYKEY5 = 0x1ca
                    0x01cc                  CRYKEY6 = 0x1cc
                    0x01cc                  _CRYKEY6 = 0x1cc
                    0x01ce                  CRYKEY7 = 0x1ce
                    0x01ce                  _CRYKEY7 = 0x1ce
                    0x01d0                  CRYKEY8 = 0x1d0
                    0x01d0                  _CRYKEY8 = 0x1d0
                    0x01d2                  CRYKEY9 = 0x1d2
                    0x01d2                  _CRYKEY9 = 0x1d2
                    0x01d4                  CRYKEY10 = 0x1d4
                    0x01d4                  _CRYKEY10 = 0x1d4
                    0x01d6                  CRYKEY11 = 0x1d6
                    0x01d6                  _CRYKEY11 = 0x1d6
                    0x01d8                  CRYKEY12 = 0x1d8
                    0x01d8                  _CRYKEY12 = 0x1d8
                    0x01da                  CRYKEY13 = 0x1da
                    0x01da                  _CRYKEY13 = 0x1da
                    0x01dc                  CRYKEY14 = 0x1dc
                    0x01dc                  _CRYKEY14 = 0x1dc
                    0x01de                  CRYKEY15 = 0x1de
                    0x01de                  _CRYKEY15 = 0x1de
                    0x01e0                  CRYTXTB = 0x1e0
                    0x01e0                  _CRYTXTB = 0x1e0
                    0x01e0                  CRYTXTB0 = 0x1e0
                    0x01e0                  _CRYTXTB0 = 0x1e0
                    0x01e2                  CRYTXTB1 = 0x1e2
                    0x01e2                  _CRYTXTB1 = 0x1e2
                    0x01e4                  CRYTXTB2 = 0x1e4
                    0x01e4                  _CRYTXTB2 = 0x1e4
                    0x01e6                  CRYTXTB3 = 0x1e6
                    0x01e6                  _CRYTXTB3 = 0x1e6
                    0x01e8                  CRYTXTB4 = 0x1e8
                    0x01e8                  _CRYTXTB4 = 0x1e8
                    0x01ea                  CRYTXTB5 = 0x1ea
                    0x01ea                  _CRYTXTB5 = 0x1ea
                    0x01ec                  CRYTXTB6 = 0x1ec
                    0x01ec                  _CRYTXTB6 = 0x1ec
                    0x01ee                  CRYTXTB7 = 0x1ee
                    0x01ee                  _CRYTXTB7 = 0x1ee
                    0x01f0                  CRYTXTC = 0x1f0
                    0x01f0                  _CRYTXTC = 0x1f0
                    0x01f0                  CRYTXTC0 = 0x1f0
                    0x01f0                  _CRYTXTC0 = 0x1f0
                    0x01f2                  CRYTXTC1 = 0x1f2
                    0x01f2                  _CRYTXTC1 = 0x1f2
                    0x01f4                  CRYTXTC2 = 0x1f4
                    0x01f4                  _CRYTXTC2 = 0x1f4
                    0x01f6                  CRYTXTC3 = 0x1f6
                    0x01f6                  _CRYTXTC3 = 0x1f6
                    0x01f8                  CRYTXTC4 = 0x1f8
                    0x01f8                  _CRYTXTC4 = 0x1f8
                    0x01fa                  CRYTXTC5 = 0x1fa
                    0x01fa                  _CRYTXTC5 = 0x1fa
                    0x01fc                  CRYTXTC6 = 0x1fc
                    0x01fc                  _CRYTXTC6 = 0x1fc
                    0x01fe                  CRYTXTC7 = 0x1fe
                    0x01fe                  _CRYTXTC7 = 0x1fe
                    0x0200                  ADC1BUF0 = 0x200
                    0x0200                  _ADC1BUF0 = 0x200
                    0x0202                  ADC1BUF1 = 0x202
                    0x0202                  _ADC1BUF1 = 0x202
                    0x0204                  ADC1BUF2 = 0x204
                    0x0204                  _ADC1BUF2 = 0x204
                    0x0206                  ADC1BUF3 = 0x206
                    0x0206                  _ADC1BUF3 = 0x206
                    0x0208                  ADC1BUF4 = 0x208
                    0x0208                  _ADC1BUF4 = 0x208
                    0x020a                  ADC1BUF5 = 0x20a
                    0x020a                  _ADC1BUF5 = 0x20a
                    0x020c                  ADC1BUF6 = 0x20c
                    0x020c                  _ADC1BUF6 = 0x20c
                    0x020e                  ADC1BUF7 = 0x20e
                    0x020e                  _ADC1BUF7 = 0x20e
                    0x0210                  ADC1BUF8 = 0x210
                    0x0210                  _ADC1BUF8 = 0x210
                    0x0212                  ADC1BUF9 = 0x212
                    0x0212                  _ADC1BUF9 = 0x212
                    0x0214                  ADC1BUF10 = 0x214
                    0x0214                  _ADC1BUF10 = 0x214
                    0x0216                  ADC1BUF11 = 0x216
                    0x0216                  _ADC1BUF11 = 0x216
                    0x0218                  ADC1BUF12 = 0x218
                    0x0218                  _ADC1BUF12 = 0x218
                    0x021a                  ADC1BUF13 = 0x21a
                    0x021a                  _ADC1BUF13 = 0x21a
                    0x021c                  ADC1BUF14 = 0x21c
                    0x021c                  _ADC1BUF14 = 0x21c
                    0x021e                  ADC1BUF15 = 0x21e
                    0x021e                  _ADC1BUF15 = 0x21e
                    0x0220                  AD1CON1 = 0x220
                    0x0220                  _AD1CON1 = 0x220
                    0x0220                  _AD1CON1bits = 0x220
                    0x0222                  AD1CON2 = 0x222
                    0x0222                  _AD1CON2 = 0x222
                    0x0222                  _AD1CON2bits = 0x222
                    0x0224                  AD1CON3 = 0x224
                    0x0224                  _AD1CON3 = 0x224
                    0x0224                  _AD1CON3bits = 0x224
                    0x0228                  AD1CHS = 0x228
                    0x0228                  _AD1CHS = 0x228
                    0x0228                  _AD1CHSbits = 0x228
                    0x0228                  AD1CHS0 = 0x228
                    0x0228                  _AD1CHS0 = 0x228
                    0x0228                  _AD1CHS0bits = 0x228
                    0x022a                  AD1CSSH = 0x22a
                    0x022a                  _AD1CSSH = 0x22a
                    0x022a                  _AD1CSSHbits = 0x22a
                    0x022c                  AD1CSSL = 0x22c
                    0x022c                  _AD1CSSL = 0x22c
                    0x022c                  _AD1CSSLbits = 0x22c
                    0x022e                  AD1CON4 = 0x22e
                    0x022e                  _AD1CON4 = 0x22e
                    0x022e                  _AD1CON4bits = 0x22e
                    0x0230                  AD1CON5 = 0x230
                    0x0230                  _AD1CON5 = 0x230
                    0x0230                  _AD1CON5bits = 0x230
                    0x0234                  AD1CHITL = 0x234
                    0x0234                  _AD1CHITL = 0x234
                    0x0234                  _AD1CHITLbits = 0x234
                    0x0238                  AD1CTMENL = 0x238
                    0x0238                  _AD1CTMENL = 0x238
                    0x0238                  _AD1CTMENLbits = 0x238
                    0x023a                  AD1DMBUF = 0x23a
                    0x023a                  _AD1DMBUF = 0x23a
                    0x023a                  AD1RESDMA = 0x23a
                    0x023a                  _AD1RESDMA = 0x23a
                    0x023c                  CTMUCON1 = 0x23c
                    0x023c                  _CTMUCON1 = 0x23c
                    0x023c                  _CTMUCON1bits = 0x23c
                    0x023e                  CTMUCON2 = 0x23e
                    0x023e                  _CTMUCON2 = 0x23e
                    0x023e                  _CTMUCON2bits = 0x23e
                    0x0240                  CTMUICON = 0x240
                    0x0240                  _CTMUICON = 0x240
                    0x0240                  _CTMUICONbits = 0x240
                    0x0242                  CMSTAT = 0x242
                    0x0242                  _CMSTAT = 0x242
                    0x0242                  _CMSTATbits = 0x242
                    0x0244                  CVRCON = 0x244
                    0x0244                  _CVRCON = 0x244
                    0x0244                  _CVRCONbits = 0x244
                    0x0246                  CM1CON = 0x246
                    0x0246                  _CM1CON = 0x246
                    0x0246                  _CM1CONbits = 0x246
                    0x0248                  CM2CON = 0x248
                    0x0248                  _CM2CON = 0x248
                    0x0248                  _CM2CONbits = 0x248
                    0x024a                  CM3CON = 0x24a
                    0x024a                  _CM3CON = 0x24a
                    0x024a                  _CM3CONbits = 0x24a
                    0x024c                  TMR1 = 0x24c
                    0x024c                  _TMR1 = 0x24c
                    0x024e                  PR1 = 0x24e
                    0x024e                  _PR1 = 0x24e
                    0x0250                  T1CON = 0x250
                    0x0250                  _T1CON = 0x250
                    0x0250                  _T1CONbits = 0x250
                    0x0252                  TMR2 = 0x252
                    0x0252                  _TMR2 = 0x252
                    0x0254                  TMR3HLD = 0x254
                    0x0254                  _TMR3HLD = 0x254
                    0x0256                  TMR3 = 0x256
                    0x0256                  _TMR3 = 0x256
                    0x0258                  PR2 = 0x258
                    0x0258                  _PR2 = 0x258
                    0x025a                  PR3 = 0x25a
                    0x025a                  _PR3 = 0x25a
                    0x025c                  T2CON = 0x25c
                    0x025c                  _T2CON = 0x25c
                    0x025c                  _T2CONbits = 0x25c
                    0x025e                  T3CON = 0x25e
                    0x025e                  _T3CON = 0x25e
                    0x025e                  _T3CONbits = 0x25e
                    0x0260                  TMR4 = 0x260
                    0x0260                  _TMR4 = 0x260
                    0x0262                  TMR5HLD = 0x262
                    0x0262                  _TMR5HLD = 0x262
                    0x0264                  TMR5 = 0x264
                    0x0264                  _TMR5 = 0x264
                    0x0266                  PR4 = 0x266
                    0x0266                  _PR4 = 0x266
                    0x0268                  PR5 = 0x268
                    0x0268                  _PR5 = 0x268
                    0x026a                  T4CON = 0x26a
                    0x026a                  _T4CON = 0x26a
                    0x026a                  _T4CONbits = 0x26a
                    0x026c                  T5CON = 0x26c
                    0x026c                  _T5CON = 0x26c
                    0x026c                  _T5CONbits = 0x26c
                    0x026e                  OC1CON1 = 0x26e
                    0x026e                  _OC1CON1 = 0x26e
                    0x026e                  _OC1CON1bits = 0x26e
                    0x0270                  OC1CON2 = 0x270
                    0x0270                  _OC1CON2 = 0x270
                    0x0270                  _OC1CON2bits = 0x270
                    0x0272                  OC1RS = 0x272
                    0x0272                  _OC1RS = 0x272
                    0x0274                  OC1R = 0x274
                    0x0274                  _OC1R = 0x274
                    0x0276                  OC1TMR = 0x276
                    0x0276                  _OC1TMR = 0x276
                    0x0278                  OC2CON1 = 0x278
                    0x0278                  _OC2CON1 = 0x278
                    0x0278                  _OC2CON1bits = 0x278
                    0x027a                  OC2CON2 = 0x27a
                    0x027a                  _OC2CON2 = 0x27a
                    0x027a                  _OC2CON2bits = 0x27a
                    0x027c                  OC2RS = 0x27c
                    0x027c                  _OC2RS = 0x27c
                    0x027e                  OC2R = 0x27e
                    0x027e                  _OC2R = 0x27e
                    0x0280                  OC2TMR = 0x280
                    0x0280                  _OC2TMR = 0x280
                    0x0282                  OC3CON1 = 0x282
                    0x0282                  _OC3CON1 = 0x282
                    0x0282                  _OC3CON1bits = 0x282
                    0x0284                  OC3CON2 = 0x284
                    0x0284                  _OC3CON2 = 0x284
                    0x0284                  _OC3CON2bits = 0x284
                    0x0286                  OC3RS = 0x286
                    0x0286                  _OC3RS = 0x286
                    0x0288                  OC3R = 0x288
                    0x0288                  _OC3R = 0x288
                    0x028a                  OC3TMR = 0x28a
                    0x028a                  _OC3TMR = 0x28a
                    0x028c                  OC4CON1 = 0x28c
                    0x028c                  _OC4CON1 = 0x28c
                    0x028c                  _OC4CON1bits = 0x28c
                    0x028e                  OC4CON2 = 0x28e
                    0x028e                  _OC4CON2 = 0x28e
                    0x028e                  _OC4CON2bits = 0x28e
                    0x0290                  OC4RS = 0x290
                    0x0290                  _OC4RS = 0x290
                    0x0292                  OC4R = 0x292
                    0x0292                  _OC4R = 0x292
                    0x0294                  OC4TMR = 0x294
                    0x0294                  _OC4TMR = 0x294
                    0x0296                  OC5CON1 = 0x296
                    0x0296                  _OC5CON1 = 0x296
                    0x0296                  _OC5CON1bits = 0x296
                    0x0298                  OC5CON2 = 0x298
                    0x0298                  _OC5CON2 = 0x298
                    0x0298                  _OC5CON2bits = 0x298
                    0x029a                  OC5RS = 0x29a
                    0x029a                  _OC5RS = 0x29a
                    0x029c                  OC5R = 0x29c
                    0x029c                  _OC5R = 0x29c
                    0x029e                  OC5TMR = 0x29e
                    0x029e                  _OC5TMR = 0x29e
                    0x02a0                  OC6CON1 = 0x2a0
                    0x02a0                  _OC6CON1 = 0x2a0
                    0x02a0                  _OC6CON1bits = 0x2a0
                    0x02a2                  OC6CON2 = 0x2a2
                    0x02a2                  _OC6CON2 = 0x2a2
                    0x02a2                  _OC6CON2bits = 0x2a2
                    0x02a4                  OC6RS = 0x2a4
                    0x02a4                  _OC6RS = 0x2a4
                    0x02a6                  OC6R = 0x2a6
                    0x02a6                  _OC6R = 0x2a6
                    0x02a8                  OC6TMR = 0x2a8
                    0x02a8                  _OC6TMR = 0x2a8
                    0x02aa                  IC1CON1 = 0x2aa
                    0x02aa                  _IC1CON1 = 0x2aa
                    0x02aa                  _IC1CON1bits = 0x2aa
                    0x02ac                  IC1CON2 = 0x2ac
                    0x02ac                  _IC1CON2 = 0x2ac
                    0x02ac                  _IC1CON2bits = 0x2ac
                    0x02ae                  IC1BUF = 0x2ae
                    0x02ae                  _IC1BUF = 0x2ae
                    0x02b0                  IC1TMR = 0x2b0
                    0x02b0                  _IC1TMR = 0x2b0
                    0x02b2                  IC2CON1 = 0x2b2
                    0x02b2                  _IC2CON1 = 0x2b2
                    0x02b2                  _IC2CON1bits = 0x2b2
                    0x02b4                  IC2CON2 = 0x2b4
                    0x02b4                  _IC2CON2 = 0x2b4
                    0x02b4                  _IC2CON2bits = 0x2b4
                    0x02b6                  IC2BUF = 0x2b6
                    0x02b6                  _IC2BUF = 0x2b6
                    0x02b8                  IC2TMR = 0x2b8
                    0x02b8                  _IC2TMR = 0x2b8
                    0x02ba                  IC3CON1 = 0x2ba
                    0x02ba                  _IC3CON1 = 0x2ba
                    0x02ba                  _IC3CON1bits = 0x2ba
                    0x02bc                  IC3CON2 = 0x2bc
                    0x02bc                  _IC3CON2 = 0x2bc
                    0x02bc                  _IC3CON2bits = 0x2bc
                    0x02be                  IC3BUF = 0x2be
                    0x02be                  _IC3BUF = 0x2be
                    0x02c0                  IC3TMR = 0x2c0
                    0x02c0                  _IC3TMR = 0x2c0
                    0x02c2                  IC4CON1 = 0x2c2
                    0x02c2                  _IC4CON1 = 0x2c2
                    0x02c2                  _IC4CON1bits = 0x2c2
                    0x02c4                  IC4CON2 = 0x2c4
                    0x02c4                  _IC4CON2 = 0x2c4
                    0x02c4                  _IC4CON2bits = 0x2c4
                    0x02c6                  IC4BUF = 0x2c6
                    0x02c6                  _IC4BUF = 0x2c6
                    0x02c8                  IC4TMR = 0x2c8
                    0x02c8                  _IC4TMR = 0x2c8
                    0x02ca                  IC5CON1 = 0x2ca
                    0x02ca                  _IC5CON1 = 0x2ca
                    0x02ca                  _IC5CON1bits = 0x2ca
                    0x02cc                  IC5CON2 = 0x2cc
                    0x02cc                  _IC5CON2 = 0x2cc
                    0x02cc                  _IC5CON2bits = 0x2cc
                    0x02ce                  IC5BUF = 0x2ce
                    0x02ce                  _IC5BUF = 0x2ce
                    0x02d0                  IC5TMR = 0x2d0
                    0x02d0                  _IC5TMR = 0x2d0
                    0x02d2                  IC6CON1 = 0x2d2
                    0x02d2                  _IC6CON1 = 0x2d2
                    0x02d2                  _IC6CON1bits = 0x2d2
                    0x02d4                  IC6CON2 = 0x2d4
                    0x02d4                  _IC6CON2 = 0x2d4
                    0x02d4                  _IC6CON2bits = 0x2d4
                    0x02d6                  IC6BUF = 0x2d6
                    0x02d6                  _IC6BUF = 0x2d6
                    0x02d8                  IC6TMR = 0x2d8
                    0x02d8                  _IC6TMR = 0x2d8
                    0x02da                  I2C1RCV = 0x2da
                    0x02da                  _I2C1RCV = 0x2da
                    0x02da                  _I2C1RCVbits = 0x2da
                    0x02dc                  I2C1TRN = 0x2dc
                    0x02dc                  _I2C1TRN = 0x2dc
                    0x02dc                  _I2C1TRNbits = 0x2dc
                    0x02de                  I2C1BRG = 0x2de
                    0x02de                  _I2C1BRG = 0x2de
                    0x02e0                  I2C1CON1 = 0x2e0
                    0x02e0                  _I2C1CON1 = 0x2e0
                    0x02e0                  _I2C1CON1bits = 0x2e0
                    0x02e0                  I2C1CONL = 0x2e0
                    0x02e0                  _I2C1CONL = 0x2e0
                    0x02e0                  _I2C1CONLbits = 0x2e0
                    0x02e2                  I2C1CON2 = 0x2e2
                    0x02e2                  _I2C1CON2 = 0x2e2
                    0x02e2                  _I2C1CON2bits = 0x2e2
                    0x02e2                  I2C1CONH = 0x2e2
                    0x02e2                  _I2C1CONH = 0x2e2
                    0x02e2                  _I2C1CONHbits = 0x2e2
                    0x02e4                  I2C1STAT = 0x2e4
                    0x02e4                  _I2C1STAT = 0x2e4
                    0x02e4                  _I2C1STATbits = 0x2e4
                    0x02e6                  I2C1ADD = 0x2e6
                    0x02e6                  _I2C1ADD = 0x2e6
                    0x02e6                  _I2C1ADDbits = 0x2e6
                    0x02e8                  I2C1MSK = 0x2e8
                    0x02e8                  _I2C1MSK = 0x2e8
                    0x02e8                  _I2C1MSKbits = 0x2e8
                    0x02ea                  I2C2RCV = 0x2ea
                    0x02ea                  _I2C2RCV = 0x2ea
                    0x02ea                  _I2C2RCVbits = 0x2ea
                    0x02ec                  I2C2TRN = 0x2ec
                    0x02ec                  _I2C2TRN = 0x2ec
                    0x02ec                  _I2C2TRNbits = 0x2ec
                    0x02ee                  I2C2BRG = 0x2ee
                    0x02ee                  _I2C2BRG = 0x2ee
                    0x02f0                  I2C2CON1 = 0x2f0
                    0x02f0                  _I2C2CON1 = 0x2f0
                    0x02f0                  _I2C2CON1bits = 0x2f0
                    0x02f0                  I2C2CONL = 0x2f0
                    0x02f0                  _I2C2CONL = 0x2f0
                    0x02f0                  _I2C2CONLbits = 0x2f0
                    0x02f2                  I2C2CON2 = 0x2f2
                    0x02f2                  _I2C2CON2 = 0x2f2
                    0x02f2                  _I2C2CON2bits = 0x2f2
                    0x02f2                  I2C2CONH = 0x2f2
                    0x02f2                  _I2C2CONH = 0x2f2
                    0x02f2                  _I2C2CONHbits = 0x2f2
                    0x02f4                  I2C2STAT = 0x2f4
                    0x02f4                  _I2C2STAT = 0x2f4
                    0x02f4                  _I2C2STATbits = 0x2f4
                    0x02f6                  I2C2ADD = 0x2f6
                    0x02f6                  _I2C2ADD = 0x2f6
                    0x02f6                  _I2C2ADDbits = 0x2f6
                    0x02f8                  I2C2MSK = 0x2f8
                    0x02f8                  _I2C2MSK = 0x2f8
                    0x02f8                  _I2C2MSKbits = 0x2f8
                    0x02fa                  MDCON = 0x2fa
                    0x02fa                  _MDCON = 0x2fa
                    0x02fa                  _MDCONbits = 0x2fa
                    0x02fc                  MDSRC = 0x2fc
                    0x02fc                  _MDSRC = 0x2fc
                    0x02fc                  _MDSRCbits = 0x2fc
                    0x02fe                  MDCAR = 0x2fe
                    0x02fe                  _MDCAR = 0x2fe
                    0x02fe                  _MDCARbits = 0x2fe
                    0x0300                  SPI1CON1 = 0x300
                    0x0300                  _SPI1CON1 = 0x300
                    0x0300                  _SPI1CON1bits = 0x300
                    0x0300                  SPI1CON1L = 0x300
                    0x0300                  _SPI1CON1L = 0x300
                    0x0300                  _SPI1CON1Lbits = 0x300
                    0x0302                  SPI1CON1H = 0x302
                    0x0302                  _SPI1CON1H = 0x302
                    0x0302                  _SPI1CON1Hbits = 0x302
                    0x0302                  SPI1CON2 = 0x302
                    0x0302                  _SPI1CON2 = 0x302
                    0x0302                  _SPI1CON2bits = 0x302
                    0x0304                  SPI1CON2L = 0x304
                    0x0304                  _SPI1CON2L = 0x304
                    0x0304                  _SPI1CON2Lbits = 0x304
                    0x0304                  SPI1CON3 = 0x304
                    0x0304                  _SPI1CON3 = 0x304
                    0x0304                  _SPI1CON3bits = 0x304
                    0x0306                  SPI1CON2H = 0x306
                    0x0306                  _SPI1CON2H = 0x306
                    0x0306                  SPI1CON4 = 0x306
                    0x0306                  _SPI1CON4 = 0x306
                    0x0308                  SPI1STATL = 0x308
                    0x0308                  _SPI1STATL = 0x308
                    0x0308                  _SPI1STATLbits = 0x308
                    0x030a                  SPI1STATH = 0x30a
                    0x030a                  _SPI1STATH = 0x30a
                    0x030a                  _SPI1STATHbits = 0x30a
                    0x030c                  SPI1BUFL = 0x30c
                    0x030c                  _SPI1BUFL = 0x30c
                    0x030c                  _SPI1BUFLbits = 0x30c
                    0x030e                  SPI1BUFH = 0x30e
                    0x030e                  _SPI1BUFH = 0x30e
                    0x030e                  _SPI1BUFHbits = 0x30e
                    0x0310                  SPI1BRGL = 0x310
                    0x0310                  _SPI1BRGL = 0x310
                    0x0310                  _SPI1BRGLbits = 0x310
                    0x0312                  SPI1BRGH = 0x312
                    0x0312                  _SPI1BRGH = 0x312
                    0x0314                  SPI1IMSK1 = 0x314
                    0x0314                  _SPI1IMSK1 = 0x314
                    0x0314                  _SPI1IMSK1bits = 0x314
                    0x0314                  SPI1IMSKL = 0x314
                    0x0314                  _SPI1IMSKL = 0x314
                    0x0314                  _SPI1IMSKLbits = 0x314
                    0x0316                  SPI1IMSK2 = 0x316
                    0x0316                  _SPI1IMSK2 = 0x316
                    0x0316                  _SPI1IMSK2bits = 0x316
                    0x0316                  SPI1IMSKH = 0x316
                    0x0316                  _SPI1IMSKH = 0x316
                    0x0316                  _SPI1IMSKHbits = 0x316
                    0x0318                  SPI1URDTL = 0x318
                    0x0318                  _SPI1URDTL = 0x318
                    0x0318                  _SPI1URDTLbits = 0x318
                    0x031a                  SPI1URDTH = 0x31a
                    0x031a                  _SPI1URDTH = 0x31a
                    0x031a                  _SPI1URDTHbits = 0x31a
                    0x031c                  SPI2CON1 = 0x31c
                    0x031c                  _SPI2CON1 = 0x31c
                    0x031c                  _SPI2CON1bits = 0x31c
                    0x031c                  SPI2CON1L = 0x31c
                    0x031c                  _SPI2CON1L = 0x31c
                    0x031c                  _SPI2CON1Lbits = 0x31c
                    0x031e                  SPI2CON1H = 0x31e
                    0x031e                  _SPI2CON1H = 0x31e
                    0x031e                  _SPI2CON1Hbits = 0x31e
                    0x031e                  SPI2CON2 = 0x31e
                    0x031e                  _SPI2CON2 = 0x31e
                    0x031e                  _SPI2CON2bits = 0x31e
                    0x0320                  SPI2CON2L = 0x320
                    0x0320                  _SPI2CON2L = 0x320
                    0x0320                  _SPI2CON2Lbits = 0x320
                    0x0320                  SPI2CON3 = 0x320
                    0x0320                  _SPI2CON3 = 0x320
                    0x0320                  _SPI2CON3bits = 0x320
                    0x0322                  SPI2CON2H = 0x322
                    0x0322                  _SPI2CON2H = 0x322
                    0x0322                  SPI2CON4 = 0x322
                    0x0322                  _SPI2CON4 = 0x322
                    0x0324                  SPI2STATL = 0x324
                    0x0324                  _SPI2STATL = 0x324
                    0x0324                  _SPI2STATLbits = 0x324
                    0x0326                  SPI2STATH = 0x326
                    0x0326                  _SPI2STATH = 0x326
                    0x0326                  _SPI2STATHbits = 0x326
                    0x0328                  SPI2BUFL = 0x328
                    0x0328                  _SPI2BUFL = 0x328
                    0x0328                  _SPI2BUFLbits = 0x328
                    0x032a                  SPI2BUFH = 0x32a
                    0x032a                  _SPI2BUFH = 0x32a
                    0x032a                  _SPI2BUFHbits = 0x32a
                    0x032c                  SPI2BRGL = 0x32c
                    0x032c                  _SPI2BRGL = 0x32c
                    0x032c                  _SPI2BRGLbits = 0x32c
                    0x032e                  SPI2BRGH = 0x32e
                    0x032e                  _SPI2BRGH = 0x32e
                    0x0330                  SPI2IMSK1 = 0x330
                    0x0330                  _SPI2IMSK1 = 0x330
                    0x0330                  _SPI2IMSK1bits = 0x330
                    0x0330                  SPI2IMSKL = 0x330
                    0x0330                  _SPI2IMSKL = 0x330
                    0x0330                  _SPI2IMSKLbits = 0x330
                    0x0332                  SPI2IMSK2 = 0x332
                    0x0332                  _SPI2IMSK2 = 0x332
                    0x0332                  _SPI2IMSK2bits = 0x332
                    0x0332                  SPI2IMSKH = 0x332
                    0x0332                  _SPI2IMSKH = 0x332
                    0x0332                  _SPI2IMSKHbits = 0x332
                    0x0334                  SPI2URDTL = 0x334
                    0x0334                  _SPI2URDTL = 0x334
                    0x0334                  _SPI2URDTLbits = 0x334
                    0x0336                  SPI2URDTH = 0x336
                    0x0336                  _SPI2URDTH = 0x336
                    0x0336                  _SPI2URDTHbits = 0x336
                    0x0338                  SPI3CON1 = 0x338
                    0x0338                  _SPI3CON1 = 0x338
                    0x0338                  _SPI3CON1bits = 0x338
                    0x0338                  SPI3CON1L = 0x338
                    0x0338                  _SPI3CON1L = 0x338
                    0x0338                  _SPI3CON1Lbits = 0x338
                    0x033a                  SPI3CON1H = 0x33a
                    0x033a                  _SPI3CON1H = 0x33a
                    0x033a                  _SPI3CON1Hbits = 0x33a
                    0x033a                  SPI3CON2 = 0x33a
                    0x033a                  _SPI3CON2 = 0x33a
                    0x033a                  _SPI3CON2bits = 0x33a
                    0x033c                  SPI3CON2L = 0x33c
                    0x033c                  _SPI3CON2L = 0x33c
                    0x033c                  _SPI3CON2Lbits = 0x33c
                    0x033c                  SPI3CON3 = 0x33c
                    0x033c                  _SPI3CON3 = 0x33c
                    0x033c                  _SPI3CON3bits = 0x33c
                    0x033e                  SPI3CON2H = 0x33e
                    0x033e                  _SPI3CON2H = 0x33e
                    0x033e                  SPI3CON4 = 0x33e
                    0x033e                  _SPI3CON4 = 0x33e
                    0x0340                  SPI3STATL = 0x340
                    0x0340                  _SPI3STATL = 0x340
                    0x0340                  _SPI3STATLbits = 0x340
                    0x0342                  SPI3STATH = 0x342
                    0x0342                  _SPI3STATH = 0x342
                    0x0342                  _SPI3STATHbits = 0x342
                    0x0344                  SPI3BUFL = 0x344
                    0x0344                  _SPI3BUFL = 0x344
                    0x0344                  _SPI3BUFLbits = 0x344
                    0x0346                  SPI3BUFH = 0x346
                    0x0346                  _SPI3BUFH = 0x346
                    0x0346                  _SPI3BUFHbits = 0x346
                    0x0348                  SPI3BRGL = 0x348
                    0x0348                  _SPI3BRGL = 0x348
                    0x0348                  _SPI3BRGLbits = 0x348
                    0x034a                  SPI3BRGH = 0x34a
                    0x034a                  _SPI3BRGH = 0x34a
                    0x034c                  SPI3IMSK1 = 0x34c
                    0x034c                  _SPI3IMSK1 = 0x34c
                    0x034c                  _SPI3IMSK1bits = 0x34c